// Jest Snapshot v1, https://goo.gl/fbAQLP

exports[`renders the loading screen 1`] = `<ExponentAppLoading />`;

exports[`renders the root without loading screen 1`] = `
<View
  style={
    Object {
      "backgroundColor": "#fff",
      "flex": 1,
    }
  }
>
  <View
    onLayout={[Function]}
    style={
      Array [
        Object {
          "flex": 1,
        },
      ]
    }
  >
    <View
      onMoveShouldSetResponder={[Function]}
      onMoveShouldSetResponderCapture={[Function]}
      onResponderEnd={[Function]}
      onResponderGrant={[Function]}
      onResponderMove={[Function]}
      onResponderReject={[Function]}
      onResponderRelease={[Function]}
      onResponderStart={[Function]}
      onResponderTerminate={[Function]}
      onResponderTerminationRequest={[Function]}
      onStartShouldSetResponder={[Function]}
      onStartShouldSetResponderCapture={[Function]}
      style={
        Array [
          Object {
            "flex": 1,
            "flexDirection": "column-reverse",
          },
          Object {
            "backgroundColor": "#000",
          },
        ]
      }
    >
      <View
        style={
          Object {
            "flex": 1,
          }
        }
      >
        <View
          collapsable={undefined}
          pointerEvents="auto"
          style={
            Object {
              "backgroundColor": "#EFEFF4",
              "bottom": 0,
              "left": 0,
              "opacity": 1,
              "position": "absolute",
              "right": 0,
              "shadowColor": "black",
              "shadowOffset": Object {
                "height": 0,
                "width": 0,
              },
              "shadowOpacity": 0.2,
              "shadowRadius": 5,
              "top": 0,
              "transform": Array [
                Object {
                  "translateX": 0,
                },
                Object {
                  "translateY": 0,
                },
              ],
            }
          }
        >
          <View
            loaded={
              Array [
                0,
              ]
            }
            onLayout={[Function]}
            style={
              Array [
                Object {
                  "flex": 1,
                  "overflow": "hidden",
                },
                Object {
                  "flex": 1,
                },
              ]
            }
          >
            <RCTScrollView
              alwaysBounceHorizontal={false}
              automaticallyAdjustContentInsets={false}
              bounces={false}
              contentContainerStyle={
                Object {
                  "flex": 1,
                }
              }
              contentOffset={
                Object {
                  "x": 0,
                  "y": 0,
                }
              }
              directionalLockEnabled={true}
              horizontal={true}
              keyboardDismissMode="on-drag"
              keyboardShouldPersistTaps="always"
              onMomentumScrollEnd={[Function]}
              onScroll={[Function]}
              overScrollMode="never"
              pagingEnabled={true}
              scrollEnabled={true}
              scrollEventThrottle={1}
              scrollsToTop={false}
              showsHorizontalScrollIndicator={false}
              style={
                Object {
                  "flex": 1,
                }
              }
            >
              <View>
                <View
                  style={
                    Object {
                      "flex": 1,
                      "overflow": "hidden",
                    }
                  }
                  testID={undefined}
                >
                  <View
                    collapsable={false}
                    removeClippedSubviews={false}
                    style={
                      Object {
                        "flex": 1,
                        "overflow": "hidden",
                      }
                    }
                  >
                    <View
                      style={
                        Object {
                          "flex": 1,
                        }
                      }
                    >
                      <RCTSafeAreaView
                        style={
                          Object {
                            "flex": 1,
                            "margin": 20,
                            "marginTop": 50,
                            "width": "90%",
                          }
                        }
                      >
                        <Text
                          accessible={true}
                          allowFontScaling={true}
                          ellipsizeMode="tail"
                          style={
                            Object {
                              "fontSize": 20,
                              "margin": 10,
                              "textAlign": "center",
                            }
                          }
                        >
                          Simple ToDo App
                        </Text>
                        <View
                          style={
                            Object {
                              "alignItems": "flex-start",
                              "borderBottomWidth": 1,
                              "borderColor": "#D4D4D4",
                              "flexDirection": "column",
                              "height": 45,
                              "width": "100%",
                            }
                          }
                        >
                          <Text
                            accessible={true}
                            allowFontScaling={true}
                            ellipsizeMode="tail"
                            style={
                              Object {
                                "color": "#7F7D7D",
                                "flex": 1,
                                "fontSize": 12,
                                "fontWeight": "200",
                              }
                            }
                          >
                            EMAIL ADDRESS
                          </Text>
                          <TextInput
                            allowFontScaling={true}
                            autoCorrect={false}
                            onChangeText={[Function]}
                            placeholder="you@domain.com"
                            secureTextEntry={undefined}
                            style={
                              Object {
                                "color": "#262626",
                                "flex": 1,
                                "fontSize": 18,
                                "fontWeight": "200",
                                "height": 40,
                                "paddingBottom": 2,
                                "paddingLeft": 5,
                                "paddingRight": 5,
                              }
                            }
                            value=""
                          />
                        </View>
                        <View
                          style={
                            Object {
                              "alignItems": "flex-start",
                              "borderBottomWidth": 1,
                              "borderColor": "#D4D4D4",
                              "flexDirection": "column",
                              "height": 45,
                              "width": "100%",
                            }
                          }
                        >
                          <Text
                            accessible={true}
                            allowFontScaling={true}
                            ellipsizeMode="tail"
                            style={
                              Object {
                                "color": "#7F7D7D",
                                "flex": 1,
                                "fontSize": 12,
                                "fontWeight": "200",
                              }
                            }
                          >
                            PASSWORD
                          </Text>
                          <TextInput
                            allowFontScaling={true}
                            autoCorrect={false}
                            onChangeText={[Function]}
                            placeholder="*******"
                            secureTextEntry={true}
                            style={
                              Object {
                                "color": "#262626",
                                "flex": 1,
                                "fontSize": 18,
                                "fontWeight": "200",
                                "height": 40,
                                "paddingBottom": 2,
                                "paddingLeft": 5,
                                "paddingRight": 5,
                              }
                            }
                            value=""
                          />
                        </View>
                        <Text
                          accessible={true}
                          allowFontScaling={true}
                          ellipsizeMode="tail"
                          style={
                            Object {
                              "alignSelf": "center",
                              "color": "#E64A19",
                              "paddingBottom": 10,
                              "paddingTop": 10,
                            }
                          }
                        >
                          
                        </Text>
                        <View
                          accessibilityComponentType="button"
                          accessibilityLabel={undefined}
                          accessibilityTraits={
                            Array [
                              "button",
                            ]
                          }
                          accessible={true}
                          collapsable={undefined}
                          hasTVPreferredFocus={undefined}
                          hitSlop={undefined}
                          isTVSelectable={true}
                          nativeID={undefined}
                          onLayout={undefined}
                          onResponderGrant={[Function]}
                          onResponderMove={[Function]}
                          onResponderRelease={[Function]}
                          onResponderTerminate={[Function]}
                          onResponderTerminationRequest={[Function]}
                          onStartShouldSetResponder={[Function]}
                          style={
                            Object {
                              "opacity": 1,
                            }
                          }
                          testID={undefined}
                          tvParallaxProperties={undefined}
                        >
                          <View
                            style={
                              Array [
                                Object {},
                              ]
                            }
                          >
                            <Text
                              accessible={true}
                              allowFontScaling={true}
                              disabled={undefined}
                              ellipsizeMode="tail"
                              style={
                                Array [
                                  Object {
                                    "color": "#007AFF",
                                    "fontSize": 18,
                                    "padding": 8,
                                    "textAlign": "center",
                                  },
                                ]
                              }
                            >
                              Log in
                            </Text>
                          </View>
                        </View>
                      </RCTSafeAreaView>
                    </View>
                  </View>
                </View>
                <View
                  style={null}
                  testID={undefined}
                />
                <View
                  style={null}
                  testID={undefined}
                />
              </View>
            </RCTScrollView>
            <View
              collapsable={undefined}
              style={undefined}
            >
              <View
                collapsable={undefined}
                onLayout={[Function]}
                pointerEvents="box-none"
                style={
                  Object {
                    "backgroundColor": "#F7F7F7",
                    "borderTopColor": "rgba(0, 0, 0, .3)",
                    "borderTopWidth": 0.5,
                    "flexDirection": "row",
                    "height": 49,
                    "paddingBottom": 0,
                    "paddingLeft": 0,
                    "paddingRight": 0,
                    "paddingTop": 0,
                  }
                }
              >
                <View
                  accessibilityComponentType={undefined}
                  accessibilityLabel={undefined}
                  accessibilityTraits={undefined}
                  accessible={true}
                  collapsable={undefined}
                  hitSlop={undefined}
                  nativeID={undefined}
                  onLayout={undefined}
                  onResponderGrant={[Function]}
                  onResponderMove={[Function]}
                  onResponderRelease={[Function]}
                  onResponderTerminate={[Function]}
                  onResponderTerminationRequest={[Function]}
                  onStartShouldSetResponder={[Function]}
                  style={
                    Object {
                      "alignItems": "center",
                      "backgroundColor": "rgba(0, 0, 0, 0)",
                      "flex": 1,
                    }
                  }
                  testID={undefined}
                >
                  <View
                    style={
                      Array [
                        Object {
                          "alignItems": "center",
                          "flex": 1,
                        },
                        Object {
                          "flexDirection": "column",
                          "justifyContent": "flex-end",
                        },
                        undefined,
                      ]
                    }
                  >
                    <View
                      style={
                        Object {
                          "flexGrow": 1,
                        }
                      }
                    >
                      <View
                        collapsable={undefined}
                        style={
                          Object {
                            "alignItems": "center",
                            "alignSelf": "center",
                            "height": "100%",
                            "justifyContent": "center",
                            "opacity": 1,
                            "position": "absolute",
                            "width": "100%",
                          }
                        }
                      >
                        <Text
                          accessible={true}
                          allowFontScaling={false}
                          ellipsizeMode="tail"
                          style={
                            Array [
                              Object {
                                "color": "#2f95dc",
                                "fontSize": 28,
                              },
                              Object {
                                "marginBottom": -3,
                              },
                              Object {
                                "fontFamily": "ionicons",
                                "fontStyle": "normal",
                                "fontWeight": "normal",
                              },
                            ]
                          }
                        >
                          
                        </Text>
                      </View>
                      <View
                        collapsable={undefined}
                        style={
                          Object {
                            "alignItems": "center",
                            "alignSelf": "center",
                            "height": "100%",
                            "justifyContent": "center",
                            "opacity": 0,
                            "position": "absolute",
                            "width": "100%",
                          }
                        }
                      >
                        <Text
                          accessible={true}
                          allowFontScaling={false}
                          ellipsizeMode="tail"
                          style={
                            Array [
                              Object {
                                "color": "#ccc",
                                "fontSize": 28,
                              },
                              Object {
                                "marginBottom": -3,
                              },
                              Object {
                                "fontFamily": "ionicons",
                                "fontStyle": "normal",
                                "fontWeight": "normal",
                              },
                            ]
                          }
                        >
                          
                        </Text>
                      </View>
                    </View>
                    <Text
                      accessible={true}
                      allowFontScaling={true}
                      collapsable={undefined}
                      ellipsizeMode="tail"
                      numberOfLines={1}
                      style={
                        Object {
                          "backgroundColor": "transparent",
                          "color": "rgba(52, 120, 246, 1)",
                          "fontSize": 10,
                          "marginBottom": 1.5,
                          "textAlign": "center",
                        }
                      }
                    >
                      Home
                    </Text>
                  </View>
                </View>
                <View
                  accessibilityComponentType={undefined}
                  accessibilityLabel={undefined}
                  accessibilityTraits={undefined}
                  accessible={true}
                  collapsable={undefined}
                  hitSlop={undefined}
                  nativeID={undefined}
                  onLayout={undefined}
                  onResponderGrant={[Function]}
                  onResponderMove={[Function]}
                  onResponderRelease={[Function]}
                  onResponderTerminate={[Function]}
                  onResponderTerminationRequest={[Function]}
                  onStartShouldSetResponder={[Function]}
                  style={
                    Object {
                      "alignItems": "center",
                      "backgroundColor": "rgba(0, 0, 0, 0)",
                      "flex": 1,
                    }
                  }
                  testID={undefined}
                >
                  <View
                    style={
                      Array [
                        Object {
                          "alignItems": "center",
                          "flex": 1,
                        },
                        Object {
                          "flexDirection": "column",
                          "justifyContent": "flex-end",
                        },
                        undefined,
                      ]
                    }
                  >
                    <View
                      style={
                        Object {
                          "flexGrow": 1,
                        }
                      }
                    >
                      <View
                        collapsable={undefined}
                        style={
                          Object {
                            "alignItems": "center",
                            "alignSelf": "center",
                            "height": "100%",
                            "justifyContent": "center",
                            "opacity": 0,
                            "position": "absolute",
                            "width": "100%",
                          }
                        }
                      >
                        <Text
                          accessible={true}
                          allowFontScaling={false}
                          ellipsizeMode="tail"
                          style={
                            Array [
                              Object {
                                "color": "#2f95dc",
                                "fontSize": 28,
                              },
                              Object {
                                "marginBottom": -3,
                              },
                              Object {
                                "fontFamily": "ionicons",
                                "fontStyle": "normal",
                                "fontWeight": "normal",
                              },
                            ]
                          }
                        >
                          
                        </Text>
                      </View>
                      <View
                        collapsable={undefined}
                        style={
                          Object {
                            "alignItems": "center",
                            "alignSelf": "center",
                            "height": "100%",
                            "justifyContent": "center",
                            "opacity": 1,
                            "position": "absolute",
                            "width": "100%",
                          }
                        }
                      >
                        <Text
                          accessible={true}
                          allowFontScaling={false}
                          ellipsizeMode="tail"
                          style={
                            Array [
                              Object {
                                "color": "#ccc",
                                "fontSize": 28,
                              },
                              Object {
                                "marginBottom": -3,
                              },
                              Object {
                                "fontFamily": "ionicons",
                                "fontStyle": "normal",
                                "fontWeight": "normal",
                              },
                            ]
                          }
                        >
                          
                        </Text>
                      </View>
                    </View>
                    <Text
                      accessible={true}
                      allowFontScaling={true}
                      collapsable={undefined}
                      ellipsizeMode="tail"
                      numberOfLines={1}
                      style={
                        Object {
                          "backgroundColor": "transparent",
                          "color": "rgba(146, 146, 146, 1)",
                          "fontSize": 10,
                          "marginBottom": 1.5,
                          "textAlign": "center",
                        }
                      }
                    >
                      Links
                    </Text>
                  </View>
                </View>
                <View
                  accessibilityComponentType={undefined}
                  accessibilityLabel={undefined}
                  accessibilityTraits={undefined}
                  accessible={true}
                  collapsable={undefined}
                  hitSlop={undefined}
                  nativeID={undefined}
                  onLayout={undefined}
                  onResponderGrant={[Function]}
                  onResponderMove={[Function]}
                  onResponderRelease={[Function]}
                  onResponderTerminate={[Function]}
                  onResponderTerminationRequest={[Function]}
                  onStartShouldSetResponder={[Function]}
                  style={
                    Object {
                      "alignItems": "center",
                      "backgroundColor": "rgba(0, 0, 0, 0)",
                      "flex": 1,
                    }
                  }
                  testID={undefined}
                >
                  <View
                    style={
                      Array [
                        Object {
                          "alignItems": "center",
                          "flex": 1,
                        },
                        Object {
                          "flexDirection": "column",
                          "justifyContent": "flex-end",
                        },
                        undefined,
                      ]
                    }
                  >
                    <View
                      style={
                        Object {
                          "flexGrow": 1,
                        }
                      }
                    >
                      <View
                        collapsable={undefined}
                        style={
                          Object {
                            "alignItems": "center",
                            "alignSelf": "center",
                            "height": "100%",
                            "justifyContent": "center",
                            "opacity": 0,
                            "position": "absolute",
                            "width": "100%",
                          }
                        }
                      >
                        <Text
                          accessible={true}
                          allowFontScaling={false}
                          ellipsizeMode="tail"
                          style={
                            Array [
                              Object {
                                "color": "#2f95dc",
                                "fontSize": 28,
                              },
                              Object {
                                "marginBottom": -3,
                              },
                              Object {
                                "fontFamily": "ionicons",
                                "fontStyle": "normal",
                                "fontWeight": "normal",
                              },
                            ]
                          }
                        >
                          
                        </Text>
                      </View>
                      <View
                        collapsable={undefined}
                        style={
                          Object {
                            "alignItems": "center",
                            "alignSelf": "center",
                            "height": "100%",
                            "justifyContent": "center",
                            "opacity": 1,
                            "position": "absolute",
                            "width": "100%",
                          }
                        }
                      >
                        <Text
                          accessible={true}
                          allowFontScaling={false}
                          ellipsizeMode="tail"
                          style={
                            Array [
                              Object {
                                "color": "#ccc",
                                "fontSize": 28,
                              },
                              Object {
                                "marginBottom": -3,
                              },
                              Object {
                                "fontFamily": "ionicons",
                                "fontStyle": "normal",
                                "fontWeight": "normal",
                              },
                            ]
                          }
                        >
                          
                        </Text>
                      </View>
                    </View>
                    <Text
                      accessible={true}
                      allowFontScaling={true}
                      collapsable={undefined}
                      ellipsizeMode="tail"
                      numberOfLines={1}
                      style={
                        Object {
                          "backgroundColor": "transparent",
                          "color": "rgba(146, 146, 146, 1)",
                          "fontSize": 10,
                          "marginBottom": 1.5,
                          "textAlign": "center",
                        }
                      }
                    >
                      app.json
                    </Text>
                  </View>
                </View>
              </View>
            </View>
          </View>
        </View>
      </View>
      <View
        collapsable={undefined}
        onLayout={[Function]}
        pointerEvents="box-none"
        style={
          Object {
            "backgroundColor": "#F7F7F7",
            "borderBottomColor": "#A7A7AA",
            "borderBottomWidth": 0.5,
            "height": 64,
            "paddingBottom": 0,
            "paddingLeft": 0,
            "paddingRight": 0,
            "paddingTop": 20,
          }
        }
      >
        <View
          style={
            Object {
              "bottom": 0,
              "left": 0,
              "position": "absolute",
              "right": 0,
              "top": 0,
            }
          }
        />
        <View
          style={
            Object {
              "flex": 1,
            }
          }
        >
          <View
            style={
              Object {
                "bottom": 0,
                "flexDirection": "row",
                "left": 0,
                "position": "absolute",
                "right": 0,
                "top": 0,
              }
            }
          >
            <View
              collapsable={undefined}
              pointerEvents="box-none"
              style={
                Object {
                  "alignItems": "center",
                  "backgroundColor": "transparent",
                  "bottom": 0,
                  "flexDirection": "row",
                  "justifyContent": "center",
                  "left": 0,
                  "opacity": 1,
                  "position": "absolute",
                  "right": 0,
                  "top": 0,
                }
              }
            >
              <Text
                accessibilityTraits="header"
                accessible={true}
                allowFontScaling={true}
                collapsable={undefined}
                ellipsizeMode="tail"
                numberOfLines={1}
                onLayout={[Function]}
                style={
                  Object {
                    "color": "rgba(0, 0, 0, .9)",
                    "fontSize": 17,
                    "fontWeight": "normal",
                    "marginHorizontal": 16,
                    "textAlign": "center",
                  }
                }
              />
            </View>
          </View>
        </View>
      </View>
    </View>
  </View>
</View>
`;
